/openapi.json
/docs
/docs/oauth2-redirect
/redoc
/auth/register
/auth/login
/auth/refresh
/auth/logout
/auth/forgot-password
/auth/reset-password
/auth/send-verification
/auth/verify-email
/auth/microsoft/url
/auth/microsoft/callback
/auth/switch-workspace
/auth/me
/resume/upload
/parse-resume
/upload-resume
/match
/chat/candidate
/ai/summary
/ai/chat
/ai/candidate-chat
/ai/compare
/ai/feedback
/ai/shortlist
/ai/decision
/ai/interview/live
/ai/interview/evaluate
/jobs/create
/create-job
/jobs
/reports/generate
/rank-candidates
/ai-summary
/chat
/chat-candidate
/ai-feedback
/compare-candidates
/auto-shortlist
/face-verify
/dashboard/summary
/candidates
/interview/start
/interview/answer
/interview/result
/interview/generate-questions
/interview/generate
/interview/realtime-score
/interview/score
/interview/health
/interview/status/{session_id}
/interview/proctor
/face/verify
/voice/enroll
/voice/verify
/enterprise/workspace
/enterprise/team
/enterprise/team/invite
/enterprise/team/accept
/enterprise/notifications
/enterprise/billing
/enterprise/billing/plan
/enterprise/billing/invoice
/enterprise/analytics/overview
/enterprise/security/overview
/enterprise/security/analyze
/enterprise/scheduling
/enterprise/scheduling
/enterprise/decision/intelligence
/enterprise/workflows/evaluate
/enterprise/candidates/{candidate_id}/intelligence
/enterprise/skills/demand
/enterprise/assessments
/enterprise/assessments/{assessment_id}/submit
/enterprise/compliance/bias
/enterprise/compliance/bias-check
/enterprise/compliance/consent
/enterprise/audit-logs
/
/health
/api/v1/health
INFO:     127.0.0.1:62582 - "GET /health HTTP/1.1" 200 OK
INFO:     127.0.0.1:58398 - "GET /redoc HTTP/1.1" 200 OK
INFO:     127.0.0.1:51276 - "GET /docs HTTP/1.1" 200 OK
INFO:     127.0.0.1:59135 - "GET /openapi.json HTTP/1.1" 200 OK
INFO:     127.0.0.1:55577 - "GET /health HTTP/1.1" 200 OK
INFO:     127.0.0.1:53525 - "GET / HTTP/1.1" 200 OK
INFO:     127.0.0.1:53525 - "GET /favicon.ico HTTP/1.1" 404 Not Found
